Appel d'offre : https://www.boamp.fr/pages/avis?q=idweb:%2225-72632%22 traité
Appel d'offre : https://www.boamp.fr/pages/avis?q=idweb:%2225-72642%22 traité
Appel d'offre : https://www.boamp.fr/pages/avis?q=idweb:%2225-72612%22 traité
Appel d'offre : https://www.boamp.fr/pages/avis?q=idweb:%2225-72633%22 traité
Appel d'offre : https://www.boamp.fr/pages/avis?q=idweb:%2225-72698%22 traité
Appel d'offre : https://www.boamp.fr/pages/avis?q=idweb:%2225-72706%22 traité
Appel d'offre : https://www.boamp.fr/pages/avis?q=idweb:%2225-72718%22 traité
Appel d'offre : https://www.boamp.fr/pages/avis?q=idweb:%2225-72726%22 traité
Appel d'offre : https://www.boamp.fr/pages/avis?q=idweb:%2225-72686%22 traité
Appel d'offre : https://www.boamp.fr/pages/avis?q=idweb:%2225-72670%22 traité
Appel d'offre : https://www.boamp.fr/pages/avis?q=idweb:%2225-72674%22 traité
Appel d'offre : https://www.boamp.fr/pages/avis?q=idweb:%2225-72550%22 traité
Appel d'offre : https://www.boamp.fr/pages/avis?q=idweb:%2225-72554%22 traité